// Jest Snapshot v1, https://goo.gl/fbAQLP

exports[`renders correctly 1`] = `
<tr>
  <td>
    <a
      href="#/cve/CVE-1234-456"
      onClick={[Function]}
    >
      CVE-1234-456
    </a>
  </td>
  <td />
  <td />
  <td />
  <td />
</tr>
`;
