// Jest Snapshot v1, https://goo.gl/fbAQLP

exports[`renders correctly 1`] = `
<section
  id="report-section"
>
  <div
    className="container"
  >
    <div
      className="report-title"
    >
      <p
        className="h3"
      >
         
        <small
          className="muted"
        >
          Common Vulnerabilities and Exposures (CVE)
        </small>
      </p>
    </div>
    <div
      className="cve-table-container"
    >
      <table
        className="table table-striped table-sm"
      >
        <thead
          className="thead-light"
        >
          <tr>
            <th
              scope="col"
            >
              ID
            </th>
            <th
              scope="col"
            >
              SEVERITY
            </th>
            <th
              scope="col"
            >
              CATEGORY
            </th>
            <th
              scope="col"
            >
              PRODUCT(S)
            </th>
            <th
              scope="col"
            >
              DATE
            </th>
          </tr>
        </thead>
        <tbody>
          <tr>
            <td>
              <a
                href="#/cve/undefined"
                onClick={[Function]}
              />
            </td>
            <td />
            <td />
            <td />
            <td />
          </tr>
          <tr>
            <td>
              <a
                href="#/cve/undefined"
                onClick={[Function]}
              />
            </td>
            <td />
            <td />
            <td />
            <td />
          </tr>
          <tr>
            <td>
              <a
                href="#/cve/undefined"
                onClick={[Function]}
              />
            </td>
            <td />
            <td />
            <td />
            <td />
          </tr>
          <tr>
            <td>
              <a
                href="#/cve/undefined"
                onClick={[Function]}
              />
            </td>
            <td />
            <td />
            <td />
            <td />
          </tr>
        </tbody>
      </table>
    </div>
  </div>
</section>
`;
