// Jest Snapshot v1, https://goo.gl/fbAQLP

exports[`renders correctly 1`] = `
<header
  id="header"
>
  <div
    className="container"
  >
    <nav>
      <a
        className="logo"
        href="#/"
        onClick={[Function]}
      >
        <i
          className="fas fa-exclamation-triangle"
        />
        TOP 10 CVE Dashboard
      </a>
      <ul
        className="reports"
      >
        <li>
          <a
            aria-current="page"
            className="active"
            href="#/"
            onClick={[Function]}
            style={Object {}}
          >
            ALL
          </a>
        </li>
        <li>
          <a
            aria-current={null}
            href="#/cves/severity/HIGH"
            onClick={[Function]}
          >
            HIGH
          </a>
        </li>
        <li>
          <a
            aria-current={null}
            href="#/cves/severity/MEDIUM"
            onClick={[Function]}
          >
            MEDIUM
          </a>
        </li>
        <li>
          <a
            aria-current={null}
            href="#/cves/severity/LOW"
            onClick={[Function]}
          >
            LOW
          </a>
        </li>
      </ul>
    </nav>
  </div>
</header>
`;
