// Jest Snapshot v1, https://goo.gl/fbAQLP

exports[`renders correctly 1`] = `
<div
  className="container"
>
  <nav
    className="navbar navbar-light bg-light"
  >
    <form
      className="form-inline"
    >
      <input
        className="form-control mr-sm-2"
        placeholder="Search by product"
        type="search"
      />
      <input
        className="btn btn-outline-success my-2 my-sm-0"
        type="button"
        value="Search"
      />
    </form>
  </nav>
</div>
`;
